[debug] [2026-07-09T20:00:49.831Z] ----------------------------------------------------------------------
[debug] [2026-07-09T20:00:49.835Z] Command:       C:\Program Files\nodejs\node.exe C:\Users\user\AppData\Roaming\npm\node_modules\firebase-tools\lib\bin\firebase.js init hosting
[debug] [2026-07-09T20:00:49.835Z] CLI Version:   15.22.4
[debug] [2026-07-09T20:00:49.835Z] Platform:      win32
[debug] [2026-07-09T20:00:49.835Z] Node Version:  v24.16.0
[debug] [2026-07-09T20:00:49.835Z] Detected Agent: unknown
[debug] [2026-07-09T20:00:49.835Z] Time:          Thu Jul 09 2026 23:00:49 GMT+0300 (East Africa Time)
[debug] [2026-07-09T20:00:49.835Z] ----------------------------------------------------------------------
[debug] 
[info] 
     ######## #### ########  ######## ########     ###     ######  ########
     ##        ##  ##     ## ##       ##     ##  ##   ##  ##       ##
     ######    ##  ########  ######   ########  #########  ######  ######
     ##        ##  ##    ##  ##       ##     ## ##     ##       ## ##
     ##       #### ##     ## ######## ########  ##     ##  ######  ########

You're about to initialize a Firebase project in this directory:

  C:\Users\user\Downloads\epitome-drycleaners

Before we get started, keep in mind:

  * You are initializing within an existing Firebase project directory

[info] 
=== Project Setup
[info] 
[info] First, let's associate this project directory with a Firebase project.
[info] You can create multiple project aliases by running firebase use --add, 
[info] 
[debug] [2026-07-09T20:00:53.692Z] > command requires scopes: ["email","openid","https://www.googleapis.com/auth/cloudplatformprojects.readonly","https://www.googleapis.com/auth/firebase","https://www.googleapis.com/auth/cloud-platform"]
[debug] [2026-07-09T20:00:53.692Z] > authorizing via signed-in user (akoragyea@gmail.com)
[debug] [2026-07-09T20:00:53.694Z] Checked if tokens are valid: true, expires at: 1783629292224
[debug] [2026-07-09T20:00:53.694Z] Checked if tokens are valid: true, expires at: 1783629292224
[debug] [2026-07-09T20:00:53.696Z] >>> [apiv2][query] GET https://firebase.googleapis.com/v1beta1/projects/epitome-dry-cleaners [none]
[debug] [2026-07-09T20:00:54.232Z] <<< [apiv2][status] GET https://firebase.googleapis.com/v1beta1/projects/epitome-dry-cleaners 200
[debug] [2026-07-09T20:00:54.232Z] <<< [apiv2][body] GET https://firebase.googleapis.com/v1beta1/projects/epitome-dry-cleaners {"projectId":"epitome-dry-cleaners","projectNumber":"637321310129","displayName":"epitome-dry-cleaners","name":"projects/epitome-dry-cleaners","resources":{"hostingSite":"epitome-dry-cleaners"},"state":"ACTIVE","labels":{"firebase":"enabled"},"etag":"1_d85b12b2-0e69-4703-b096-2b4218008f74"}
[info] i  Using project epitome-dry-cleaners (epitome-dry-cleaners) . 
[info] 
=== Hosting Setup
[debug] [2026-07-09T20:00:54.246Z] Checked if tokens are valid: true, expires at: 1783629292224
[debug] [2026-07-09T20:00:54.246Z] Checked if tokens are valid: true, expires at: 1783629292224
[debug] [2026-07-09T20:00:54.246Z] >>> [apiv2][query] GET https://firebase.googleapis.com/v1beta1/projects/epitome-dry-cleaners [none]
[debug] [2026-07-09T20:00:54.596Z] <<< [apiv2][status] GET https://firebase.googleapis.com/v1beta1/projects/epitome-dry-cleaners 200
[debug] [2026-07-09T20:00:54.596Z] <<< [apiv2][body] GET https://firebase.googleapis.com/v1beta1/projects/epitome-dry-cleaners {"projectId":"epitome-dry-cleaners","projectNumber":"637321310129","displayName":"epitome-dry-cleaners","name":"projects/epitome-dry-cleaners","resources":{"hostingSite":"epitome-dry-cleaners"},"state":"ACTIVE","labels":{"firebase":"enabled"},"etag":"1_d85b12b2-0e69-4703-b096-2b4218008f74"}
[info] 
[info] Your public directory is the folder (relative to your project directory) that
[info] will contain Hosting assets to be uploaded with firebase deploy. If you
[info] have a build process for your assets, use your build's output directory.
[info] 
